// Jest Snapshot v1, https://goo.gl/fbAQLP

exports[`renders without errors 1`] = `
<li>
  <a
    href="/results?lat=1&lon=1&zoom=11"
  >
    Terrapin Crossroads
  </a>
</li>
`;
