// Jest Snapshot v1, https://goo.gl/fbAQLP

exports[`renders without errors 1`] = `
<ul>
  <li>
    example 1
  </li>
  <li>
    example 2
  </li>
</ul>
`;
